// Jest Snapshot v1, https://goo.gl/fbAQLP

exports[`FlagCol Component renders without crashing 1`] = `
<View
  style={
    Object {
      "backgroundColor": "#5CE166",
      "borderRadius": 4,
      "elevation": 15,
      "flex": 1,
      "marginHorizontal": 6,
      "shadowColor": "#000",
      "shadowOffset": Object {
        "height": 7,
        "width": 0,
      },
      "shadowOpacity": 0.43,
      "shadowRadius": 9.51,
    }
  }
>
  <View
    style={
      Object {
        "alignItems": "center",
        "backgroundColor": "#fff",
        "borderBottomColor": "#D8D8D8",
        "borderBottomWidth": 1,
        "borderTopEndRadius": 3,
        "borderTopStartRadius": 3,
        "flex": 1,
        "justifyContent": "center",
      }
    }
  >
    <Text
      style={
        Object {
          "fontFamily": "bold",
          "fontSize": 6,
          "lineHeight": 10,
          "textAlign": "center",
          "width": "90%",
        }
      }
    >
      [missing "en." translation]
    </Text>
  </View>
  <View
    style={
      Object {
        "alignItems": "center",
        "backgroundColor": "#fff",
        "borderBottomEndRadius": 3,
        "borderBottomStartRadius": 3,
        "flex": 2,
        "justifyContent": "center",
      }
    }
  />
  <View
    style={
      Object {
        "alignItems": "center",
        "backgroundColor": "#5CE166",
        "borderBottomEndRadius": 5,
        "borderBottomStartRadius": 5,
        "flex": 1,
        "justifyContent": "center",
      }
    }
  >
    <Text
      style={
        Object {
          "color": "#000",
          "fontFamily": "black",
          "fontSize": 6,
          "textAlign": "center",
        }
      }
    />
  </View>
</View>
`;
