// Jest Snapshot v1, https://goo.gl/fbAQLP

exports[`FlagReady Component renders without crashing 1`] = `null`;
