// Jest Snapshot v1, https://goo.gl/fbAQLP

exports[`Home Screen renders without crashing 1`] = `
<View
  style={
    Object {
      "alignItems": "center",
      "backgroundColor": "#fafafa",
      "flex": 1,
      "justifyContent": "flex-start",
    }
  }
>
  <View
    style={
      Array [
        Object {
          "width": "100%",
        },
        false,
      ]
    }
  >
    <View
      style={
        Object {
          "alignItems": "flex-end",
          "backgroundColor": "#fff",
          "borderBottomEndRadius": 40,
          "borderBottomStartRadius": 40,
          "elevation": 24,
          "flexDirection": "row",
          "height": 150,
          "justifyContent": "space-between",
          "paddingBottom": 30,
          "paddingHorizontal": 40,
          "shadowColor": "#000",
          "shadowOffset": Object {
            "height": 12,
            "width": 0,
          },
          "shadowOpacity": 0.3,
          "shadowRadius": 16,
          "width": "100%",
        }
      }
    >
      <View
        style={
          Object {
            "height": 52,
            "padding": 0,
            "width": 120,
          }
        }
      >
        <Image
          source={1}
          style={
            Object {
              "height": 40,
              "resizeMode": "contain",
              "width": "auto",
            }
          }
        />
        <Text
          style={
            Object {
              "color": "#000",
              "fontFamily": "medium",
              "fontSize": 11,
              "height": 13,
              "padding": 0,
              "position": "relative",
              "textAlign": "left",
              "width": "100%",
            }
          }
        >
          Tomato Trolley
        </Text>
      </View>
      <View
        accessible={true}
        collapsable={false}
        focusable={true}
        onBlur={[Function]}
        onClick={[Function]}
        onFocus={[Function]}
        onResponderGrant={[Function]}
        onResponderMove={[Function]}
        onResponderRelease={[Function]}
        onResponderTerminate={[Function]}
        onResponderTerminationRequest={[Function]}
        onStartShouldSetResponder={[Function]}
        style={
          Object {
            "height": 30,
            "marginBottom": 14,
            "width": 40,
          }
        }
      >
        <Image
          source={1}
          style={
            Object {
              "height": "100%",
              "resizeMode": "contain",
              "width": "100%",
            }
          }
        />
      </View>
    </View>
  </View>
  <View
    style={
      Object {
        "alignItems": "center",
        "flex": 1,
        "justifyContent": "center",
        "width": "100%",
      }
    }
  >
    <View
      accessible={true}
      collapsable={false}
      focusable={true}
      onBlur={[Function]}
      onClick={[Function]}
      onFocus={[Function]}
      onResponderGrant={[Function]}
      onResponderMove={[Function]}
      onResponderRelease={[Function]}
      onResponderTerminate={[Function]}
      onResponderTerminationRequest={[Function]}
      onStartShouldSetResponder={[Function]}
      style={
        Object {
          "alignItems": "center",
          "backgroundColor": "#fff",
          "borderRadius": 6,
          "elevation": 15,
          "flexDirection": "row",
          "height": 70,
          "justifyContent": "center",
          "marginVertical": 6,
          "shadowColor": "#000",
          "shadowOffset": Object {
            "height": 7,
            "width": 0,
          },
          "shadowOpacity": 0.2,
          "shadowRadius": 9.51,
          "width": 220,
        }
      }
    >
      <Image
        source={1}
        style={
          Object {
            "height": 25,
            "resizeMode": "contain",
            "width": 25,
          }
        }
      />
      <Text
        style={
          Object {
            "fontFamily": "bold",
            "fontSize": 11,
            "marginLeft": 10,
          }
        }
      >
        NEW FLAG
      </Text>
    </View>
    <View
      accessible={true}
      collapsable={false}
      focusable={true}
      onBlur={[Function]}
      onClick={[Function]}
      onFocus={[Function]}
      onResponderGrant={[Function]}
      onResponderMove={[Function]}
      onResponderRelease={[Function]}
      onResponderTerminate={[Function]}
      onResponderTerminationRequest={[Function]}
      onStartShouldSetResponder={[Function]}
      style={
        Object {
          "alignItems": "center",
          "backgroundColor": "#fff",
          "borderRadius": 6,
          "elevation": 15,
          "flexDirection": "row",
          "height": 70,
          "justifyContent": "center",
          "marginVertical": 6,
          "shadowColor": "#000",
          "shadowOffset": Object {
            "height": 7,
            "width": 0,
          },
          "shadowOpacity": 0.2,
          "shadowRadius": 9.51,
          "width": 220,
        }
      }
    >
      <Image
        source={1}
        style={
          Object {
            "height": 22,
            "resizeMode": "contain",
            "width": 22,
          }
        }
      />
      <Text
        style={
          Object {
            "fontFamily": "bold",
            "fontSize": 11,
            "marginLeft": 10,
          }
        }
      >
        NEW FLAG
      </Text>
    </View>
  </View>
</View>
`;
