// Jest Snapshot v1, https://goo.gl/fbAQLP

exports[`RecentFlags Screen renders without crashing 1`] = `
<View
  style={
    Object {
      "backgroundColor": "#fafafa",
      "flex": 1,
    }
  }
>
  <View
    style={
      Array [
        Object {
          "width": "100%",
        },
        Object {
          "backgroundColor": "#000",
        },
      ]
    }
  >
    <View
      style={
        Object {
          "alignItems": "flex-end",
          "backgroundColor": "#fff",
          "borderBottomEndRadius": 40,
          "borderBottomStartRadius": 40,
          "elevation": 24,
          "flexDirection": "row",
          "height": 150,
          "justifyContent": "space-between",
          "paddingBottom": 30,
          "paddingHorizontal": 40,
          "shadowColor": "#000",
          "shadowOffset": Object {
            "height": 12,
            "width": 0,
          },
          "shadowOpacity": 0.3,
          "shadowRadius": 16,
          "width": "100%",
        }
      }
    >
      <View
        style={
          Object {
            "height": 52,
            "padding": 0,
            "width": 120,
          }
        }
      >
        <Image
          source={1}
          style={
            Object {
              "height": 40,
              "resizeMode": "contain",
              "width": "auto",
            }
          }
        />
        <Text
          style={
            Object {
              "color": "#000",
              "fontFamily": "medium",
              "fontSize": 11,
              "height": 13,
              "padding": 0,
              "position": "relative",
              "textAlign": "left",
              "width": "100%",
            }
          }
        >
          Tomato Trolley
        </Text>
      </View>
      <View
        accessible={true}
        collapsable={false}
        focusable={true}
        onBlur={[Function]}
        onClick={[Function]}
        onFocus={[Function]}
        onResponderGrant={[Function]}
        onResponderMove={[Function]}
        onResponderRelease={[Function]}
        onResponderTerminate={[Function]}
        onResponderTerminationRequest={[Function]}
        onStartShouldSetResponder={[Function]}
        style={
          Object {
            "height": 30,
            "marginBottom": 14,
            "width": 40,
          }
        }
      >
        <Image
          source={1}
          style={
            Object {
              "height": "100%",
              "resizeMode": "contain",
              "width": "100%",
            }
          }
        />
      </View>
    </View>
  </View>
  <View
    style={
      Object {
        "backgroundColor": "#000",
        "borderBottomEndRadius": 40,
        "borderBottomStartRadius": 40,
        "flexDirection": "row",
        "height": 60,
      }
    }
  >
    <View
      accessible={true}
      collapsable={false}
      focusable={true}
      onBlur={[Function]}
      onClick={[Function]}
      onFocus={[Function]}
      onResponderGrant={[Function]}
      onResponderMove={[Function]}
      onResponderRelease={[Function]}
      onResponderTerminate={[Function]}
      onResponderTerminationRequest={[Function]}
      onStartShouldSetResponder={[Function]}
      style={
        Object {
          "alignItems": "center",
          "flex": 1,
          "height": "100%",
          "justifyContent": "center",
        }
      }
    >
      <Image
        source={1}
        style={
          Array [
            Object {
              "height": "30%",
              "opacity": 0.5,
              "resizeMode": "contain",
              "tintColor": "#FFB955",
              "width": "100%",
            },
            Object {
              "opacity": 1,
            },
          ]
        }
      />
    </View>
    <View
      accessible={true}
      collapsable={false}
      focusable={true}
      onBlur={[Function]}
      onClick={[Function]}
      onFocus={[Function]}
      onResponderGrant={[Function]}
      onResponderMove={[Function]}
      onResponderRelease={[Function]}
      onResponderTerminate={[Function]}
      onResponderTerminationRequest={[Function]}
      onStartShouldSetResponder={[Function]}
      style={
        Array [
          Object {
            "alignItems": "center",
            "flex": 1,
            "height": "100%",
            "justifyContent": "center",
          },
          Object {
            "borderLeftColor": "#F3B25580",
            "borderLeftWidth": 2,
          },
        ]
      }
    >
      <Image
        source={1}
        style={
          Array [
            Object {
              "height": "30%",
              "opacity": 0.5,
              "resizeMode": "contain",
              "tintColor": "#FFB955",
              "width": "100%",
            },
            false,
          ]
        }
      />
    </View>
  </View>
  <View
    style={
      Object {
        "alignItems": "center",
        "flex": 1,
        "justifyContent": "center",
      }
    }
  >
    <Text>
      Loading...
    </Text>
  </View>
</View>
`;
